// Jest Snapshot v1, https://goo.gl/fbAQLP

exports[`renders learn react link 1`] = `
<div>
  &lt;div&gt;hello&lt;/div&gt;
</div>
`;
